<testsuites id="" name="" tests="1" failures="0" skipped="0" errors="0" time="21.095">
<testsuite name="src\specs\everymundo.spec.ts" timestamp="1656089556521" hostname="" tests="1" failures="0" skipped="0" time="19.745" errors="0">
<testcase name="Everymundo Module Tests Select a valid airport code from the From dropdown" classname="[firefox] › src\specs\everymundo.spec.ts:45:3 › Everymundo Module Tests › Select a valid airport code from the From dropdown" time="19.745">
</testcase>
</testsuite>
</testsuites>